[    0.000000] Linux version 4.15.0-76-generic (buildd@lcy01-amd64-029) (gcc version 7.4.0 (Ubuntu 7.4.0-1ubuntu1~18.04.1)) #86-Ubuntu SMP Fri Jan 17 17:24:28 UTC 2020 (Ubuntu 4.15.0-76.86-generic 4.15.18)
[    0.000000] Command line: BOOT_IMAGE=/boot/vmlinuz-4.15.0-76-generic root=UUID=ec65c921-96eb-4429-80be-a2d5fcaf8bc5 ro console=tty1 console=ttyS0
[    0.000000] KERNEL supported cpus:
[    0.000000]   Intel GenuineIntel
[    0.000000]   AMD AuthenticAMD
[    0.000000]   Centaur CentaurHauls
[    0.000000] x86/fpu: Supporting XSAVE feature 0x001: 'x87 floating point registers'
[    0.000000] x86/fpu: Supporting XSAVE feature 0x002: 'SSE registers'
[    0.000000] x86/fpu: Supporting XSAVE feature 0x004: 'AVX registers'
[    0.000000] x86/fpu: xstate_offset[2]:  576, xstate_sizes[2]:  256
[    0.000000] x86/fpu: Enabled xstate features 0x7, context size is 832 bytes, using 'standard' format.
[    0.000000] e820: BIOS-provided physical RAM map:
[    0.000000] BIOS-e820: [mem 0x0000000000000000-0x000000000009fbff] usable
[    0.000000] BIOS-e820: [mem 0x000000000009fc00-0x000000000009ffff] reserved
[    0.000000] BIOS-e820: [mem 0x00000000000f0000-0x00000000000fffff] reserved
[    0.000000] BIOS-e820: [mem 0x0000000000100000-0x000000007ffeffff] usable
[    0.000000] BIOS-e820: [mem 0x000000007fff0000-0x000000007fffffff] ACPI data
[    0.000000] BIOS-e820: [mem 0x00000000fec00000-0x00000000fec00fff] reserved
[    0.000000] BIOS-e820: [mem 0x00000000fee00000-0x00000000fee00fff] reserved
[    0.000000] BIOS-e820: [mem 0x00000000fffc0000-0x00000000ffffffff] reserved
[    0.000000] NX (Execute Disable) protection: active
[    0.000000] SMBIOS 2.5 present.
[    0.000000] DMI: innotek GmbH VirtualBox/VirtualBox, BIOS VirtualBox 12/01/2006
[    0.000000] Hypervisor detected: KVM
[    0.000000] e820: last_pfn = 0x7fff0 max_arch_pfn = 0x400000000
[    0.000000] MTRR: Disabled
[    0.000000] x86/PAT: MTRRs disabled, skipping PAT initialization too.
[    0.000000] CPU MTRRs all blank - virtualized system.
[    0.000000] x86/PAT: Configuration [0-7]: WB  WT  UC- UC  WB  WT  UC- UC  
[    0.000000] found SMP MP-table at [mem 0x0009fff0-0x0009ffff]
[    0.000000] Scanning 1 areas for low memory corruption
[    0.000000] RAMDISK: [mem 0x35967000-0x36caafff]
[    0.000000] ACPI: Early table checksum verification disabled
[    0.000000] ACPI: RSDP 0x00000000000E0000 000024 (v02 VBOX  )
[    0.000000] ACPI: XSDT 0x000000007FFF0030 00003C (v01 VBOX   VBOXXSDT 00000001 ASL  00000061)
[    0.000000] ACPI: FACP 0x000000007FFF00F0 0000F4 (v04 VBOX   VBOXFACP 00000001 ASL  00000061)
[    0.000000] ACPI: DSDT 0x000000007FFF0470 0022EA (v02 VBOX   VBOXBIOS 00000002 INTL 20100528)
[    0.000000] ACPI: FACS 0x000000007FFF0200 000040
[    0.000000] ACPI: FACS 0x000000007FFF0200 000040
[    0.000000] ACPI: APIC 0x000000007FFF0240 00005C (v02 VBOX   VBOXAPIC 00000001 ASL  00000061)
[    0.000000] ACPI: SSDT 0x000000007FFF02A0 0001CC (v01 VBOX   VBOXCPUT 00000002 INTL 20100528)
[    0.000000] No NUMA configuration found
[    0.000000] Faking a node at [mem 0x0000000000000000-0x000000007ffeffff]
[    0.000000] NODE_DATA(0) allocated [mem 0x7ffc5000-0x7ffeffff]
[    0.000000] kvm-clock: cpu 0, msr 0:7ff44001, primary cpu clock
[    0.000000] kvm-clock: Using msrs 4b564d01 and 4b564d00
[    0.000000] kvm-clock: using sched offset of 5258435000 cycles
[    0.000000] clocksource: kvm-clock: mask: 0xffffffffffffffff max_cycles: 0x1cd42e4dffb, max_idle_ns: 881590591483 ns
[    0.000000] Zone ranges:
[    0.000000]   DMA      [mem 0x0000000000001000-0x0000000000ffffff]
[    0.000000]   DMA32    [mem 0x0000000001000000-0x000000007ffeffff]
[    0.000000]   Normal   empty
[    0.000000]   Device   empty
[    0.000000] Movable zone start for each node
[    0.000000] Early memory node ranges
[    0.000000]   node   0: [mem 0x0000000000001000-0x000000000009efff]
[    0.000000]   node   0: [mem 0x0000000000100000-0x000000007ffeffff]
[    0.000000] Reserved but unavailable: 98 pages
[    0.000000] Initmem setup node 0 [mem 0x0000000000001000-0x000000007ffeffff]
[    0.000000] ACPI: PM-Timer IO Port: 0x4008
[    0.000000] IOAPIC[0]: apic_id 2, version 32, address 0xfec00000, GSI 0-23
[    0.000000] ACPI: INT_SRC_OVR (bus 0 bus_irq 0 global_irq 2 dfl dfl)
[    0.000000] ACPI: INT_SRC_OVR (bus 0 bus_irq 9 global_irq 9 low level)
[    0.000000] Using ACPI (MADT) for SMP configuration information
[    0.000000] smpboot: Allowing 2 CPUs, 0 hotplug CPUs
[    0.000000] PM: Registered nosave memory: [mem 0x00000000-0x00000fff]
[    0.000000] PM: Registered nosave memory: [mem 0x0009f000-0x0009ffff]
[    0.000000] PM: Registered nosave memory: [mem 0x000a0000-0x000effff]
[    0.000000] PM: Registered nosave memory: [mem 0x000f0000-0x000fffff]
[    0.000000] e820: [mem 0x80000000-0xfebfffff] available for PCI devices
[    0.000000] Booting paravirtualized kernel on KVM
[    0.000000] clocksource: refined-jiffies: mask: 0xffffffff max_cycles: 0xffffffff, max_idle_ns: 7645519600211568 ns
[    0.000000] random: get_random_bytes called from start_kernel+0x99/0x4fd with crng_init=0
[    0.000000] setup_percpu: NR_CPUS:8192 nr_cpumask_bits:2 nr_cpu_ids:2 nr_node_ids:1
[    0.000000] percpu: Embedded 45 pages/cpu s147456 r8192 d28672 u1048576
[    0.000000] PV qspinlock hash table entries: 256 (order: 0, 4096 bytes)
[    0.000000] Built 1 zonelists, mobility grouping on.  Total pages: 515961
[    0.000000] Policy zone: DMA32
[    0.000000] Kernel command line: BOOT_IMAGE=/boot/vmlinuz-4.15.0-76-generic root=UUID=ec65c921-96eb-4429-80be-a2d5fcaf8bc5 ro console=tty1 console=ttyS0
[    0.000000] Memory: 2014744K/2096696K available (12300K kernel code, 2481K rwdata, 4260K rodata, 2428K init, 2704K bss, 81952K reserved, 0K cma-reserved)
[    0.000000] SLUB: HWalign=64, Order=0-3, MinObjects=0, CPUs=2, Nodes=1
[    0.000000] Kernel/User page tables isolation: enabled
[    0.000000] ftrace: allocating 39322 entries in 154 pages
[    0.004000] Hierarchical RCU implementation.
[    0.004000] 	RCU restricting CPUs from NR_CPUS=8192 to nr_cpu_ids=2.
[    0.004000] 	Tasks RCU enabled.
[    0.004000] RCU: Adjusting geometry for rcu_fanout_leaf=16, nr_cpu_ids=2
[    0.004000] NR_IRQS: 524544, nr_irqs: 440, preallocated irqs: 16
[    0.004000] Console: colour VGA+ 80x25
[    0.004000] console [tty1] enabled
[    0.004000] console [ttyS0] enabled
[    0.004000] ACPI: Core revision 20170831
[    0.004000] ACPI: 2 ACPI AML tables successfully acquired and loaded
[    0.004000] APIC: Switch to symmetric I/O mode setup
[    0.004000] x2apic enabled
[    0.004000] Switched APIC routing to physical x2apic.
[    0.006074] ..TIMER: vector=0x30 apic1=0 pin1=2 apic2=-1 pin2=-1
[    0.008002] tsc: Detected 2304.002 MHz processor
[    0.009293] Calibrating delay loop (skipped) preset value.. 4608.00 BogoMIPS (lpj=9216008)
[    0.010396] pid_max: default: 32768 minimum: 301
[    0.012045] Security Framework initialized
[    0.013229] Yama: becoming mindful.
[    0.014480] AppArmor: AppArmor initialized
[    0.024184] Dentry cache hash table entries: 262144 (order: 9, 2097152 bytes)
[    0.032064] Inode-cache hash table entries: 131072 (order: 8, 1048576 bytes)
[    0.036026] Mount-cache hash table entries: 4096 (order: 3, 32768 bytes)
[    0.040012] Mountpoint-cache hash table entries: 4096 (order: 3, 32768 bytes)
[    0.042597] Last level iTLB entries: 4KB 64, 2MB 8, 4MB 8
[    0.044003] Last level dTLB entries: 4KB 64, 2MB 0, 4MB 0, 1GB 4
[    0.045798] Spectre V1 : Mitigation: usercopy/swapgs barriers and __user pointer sanitization
[    0.048003] Spectre V2 : Mitigation: Full generic retpoline
[    0.049642] Spectre V2 : Spectre v2 / SpectreRSB mitigation: Filling RSB on context switch
[    0.052003] Speculative Store Bypass: Vulnerable
[    0.053501] MDS: Mitigation: Clear CPU buffers
[    0.056310] Freeing SMP alternatives memory: 36K
[    0.169141] smpboot: CPU0: Intel(R) Core(TM) i3-7020U CPU @ 2.30GHz (family: 0x6, model: 0x8e, stepping: 0x9)
[    0.172000] Performance Events: unsupported p6 CPU model 142 no PMU driver, software events only.
[    0.172050] Hierarchical SRCU implementation.
[    0.176741] NMI watchdog: Perf event create on CPU 0 failed with -2
[    0.178447] NMI watchdog: Perf NMI watchdog permanently disabled
[    0.180000] smp: Bringing up secondary CPUs ...
[    0.180101] x86: Booting SMP configuration:
[    0.181309] .... node  #0, CPUs:      #1
[    0.004000] kvm-clock: cpu 1, msr 0:7ff44041, secondary cpu clock
[    0.188027] smp: Brought up 1 node, 2 CPUs
[    0.189204] smpboot: Max logical packages: 1
[    0.190455] smpboot: Total of 2 processors activated (9216.00 BogoMIPS)
[    0.192178] devtmpfs: initialized
[    0.193076] x86/mm: Memory block size: 128MB
[    0.194652] evm: security.selinux
[    0.196004] evm: security.SMACK64
[    0.197015] evm: security.SMACK64EXEC
[    0.198087] evm: security.SMACK64TRANSMUTE
[    0.200005] evm: security.SMACK64MMAP
[    0.201134] evm: security.apparmor
[    0.202202] evm: security.ima
[    0.203192] evm: security.capability
[    0.204137] clocksource: jiffies: mask: 0xffffffff max_cycles: 0xffffffff, max_idle_ns: 7645041785100000 ns
[    0.208017] futex hash table entries: 512 (order: 3, 32768 bytes)
[    0.212038] pinctrl core: initialized pinctrl subsystem
[    0.213641] RTC time:  9:04:37, date: 02/04/20
[    0.215440] NET: Registered protocol family 16
[    0.216174] audit: initializing netlink subsys (disabled)
[    0.220007] audit: type=2000 audit(1580807084.233:1): state=initialized audit_enabled=0 res=1
[    0.222507] cpuidle: using governor ladder
[    0.224019] cpuidle: using governor menu
[    0.225440] ACPI: bus type PCI registered
[    0.226693] acpiphp: ACPI Hot Plug PCI Controller Driver version: 0.5
[    0.228206] PCI: Using configuration type 1 for base access
[    0.252055] HugeTLB registered 2.00 MiB page size, pre-allocated 0 pages
[    0.260113] ACPI: Added _OSI(Module Device)
[    0.261396] ACPI: Added _OSI(Processor Device)
[    0.262727] ACPI: Added _OSI(3.0 _SCP Extensions)
[    0.264004] ACPI: Added _OSI(Processor Aggregator Device)
[    0.264004] ACPI: Added _OSI(Linux-Dell-Video)
[    0.265372] ACPI: Added _OSI(Linux-Lenovo-NV-HDMI-Audio)
[    0.268015] ACPI: Added _OSI(Linux-HPI-Hybrid-Graphics)
[    0.270554] ACPI: Executed 1 blocks of module-level executable AML code
[    0.279455] ACPI: Interpreter enabled
[    0.280018] ACPI: (supports S0 S5)
[    0.281102] ACPI: Using IOAPIC for interrupt routing
[    0.282986] PCI: Using host bridge windows from ACPI; if necessary, use "pci=nocrs" and report a bug
[    0.284295] ACPI: Enabled 2 GPEs in block 00 to 07
[    0.298705] ACPI: PCI Root Bridge [PCI0] (domain 0000 [bus 00-ff])
[    0.300010] acpi PNP0A03:00: _OSC: OS supports [ASPM ClockPM Segments MSI]
[    0.303293] acpi PNP0A03:00: _OSC: not requesting OS control; OS requires [ExtendedConfig ASPM ClockPM MSI]
[    0.304018] acpi PNP0A03:00: fail to add MMCONFIG information, can't access extended PCI configuration space under this bridge.
[    0.308555] PCI host bridge to bus 0000:00
[    0.312005] pci_bus 0000:00: root bus resource [io  0x0000-0x0cf7 window]
[    0.314083] pci_bus 0000:00: root bus resource [io  0x0d00-0xffff window]
[    0.316004] pci_bus 0000:00: root bus resource [mem 0x000a0000-0x000bffff window]
[    0.318629] pci_bus 0000:00: root bus resource [mem 0x80000000-0xfdffffff window]
[    0.320005] pci_bus 0000:00: root bus resource [bus 00-ff]
[    0.326703] pci 0000:00:01.1: legacy IDE quirk: reg 0x10: [io  0x01f0-0x01f7]
[    0.328003] pci 0000:00:01.1: legacy IDE quirk: reg 0x14: [io  0x03f6]
[    0.329961] pci 0000:00:01.1: legacy IDE quirk: reg 0x18: [io  0x0170-0x0177]
[    0.332004] pci 0000:00:01.1: legacy IDE quirk: reg 0x1c: [io  0x0376]
[    0.366703] pci 0000:00:07.0: quirk: [io  0x4000-0x403f] claimed by PIIX4 ACPI
[    0.368025] pci 0000:00:07.0: quirk: [io  0x4100-0x410f] claimed by PIIX4 SMB
[    0.382707] ACPI: PCI Interrupt Link [LNKA] (IRQs 5 9 10 *11)
[    0.384538] ACPI: PCI Interrupt Link [LNKB] (IRQs 5 9 *10 11)
[    0.386486] ACPI: PCI Interrupt Link [LNKC] (IRQs 5 *9 10 11)
[    0.388226] ACPI: PCI Interrupt Link [LNKD] (IRQs 5 9 10 *11)
[    0.392003] SCSI subsystem initialized
[    0.392086] pci 0000:00:02.0: vgaarb: setting as boot VGA device
[    0.393840] pci 0000:00:02.0: vgaarb: VGA device added: decodes=io+mem,owns=io+mem,locks=none
[    0.396006] pci 0000:00:02.0: vgaarb: bridge control possible
[    0.397782] vgaarb: loaded
[    0.400027] ACPI: bus type USB registered
[    0.401358] usbcore: registered new interface driver usbfs
[    0.403049] usbcore: registered new interface driver hub
[    0.404034] usbcore: registered new device driver usb
[    0.405578] EDAC MC: Ver: 3.0.0
[    0.408322] PCI: Using ACPI for IRQ routing
[    0.410026] NetLabel: Initializing
[    0.411075] NetLabel:  domain hash size = 128
[    0.412003] NetLabel:  protocols = UNLABELED CIPSOv4 CALIPSO
[    0.413739] NetLabel:  unlabeled traffic allowed by default
[    0.416133] clocksource: Switched to clocksource kvm-clock
[    0.497315] VFS: Disk quotas dquot_6.6.0
[    0.498572] VFS: Dquot-cache hash table entries: 512 (order 0, 4096 bytes)
[    0.500589] AppArmor: AppArmor Filesystem Enabled
[    0.502165] pnp: PnP ACPI init
[    0.505023] pnp: PnP ACPI: found 3 devices
[    0.512304] clocksource: acpi_pm: mask: 0xffffff max_cycles: 0xffffff, max_idle_ns: 2085701024 ns
[    0.515168] NET: Registered protocol family 2
[    0.516818] TCP established hash table entries: 16384 (order: 5, 131072 bytes)
[    0.519370] TCP bind hash table entries: 16384 (order: 6, 262144 bytes)
[    0.521581] TCP: Hash tables configured (established 16384 bind 16384)
[    0.523541] UDP hash table entries: 1024 (order: 3, 32768 bytes)
[    0.525325] UDP-Lite hash table entries: 1024 (order: 3, 32768 bytes)
[    0.553648] NET: Registered protocol family 1
[    0.555169] pci 0000:00:00.0: Limiting direct PCI/PCI transfers
[    0.557053] pci 0000:00:01.0: Activating ISA DMA hang workarounds
[    0.558914] pci 0000:00:02.0: Video device with shadowed ROM at [mem 0x000c0000-0x000dffff]
[    0.561599] Unpacking initramfs...
[    1.582623] Freeing initrd memory: 19728K
[    1.584033] clocksource: tsc: mask: 0xffffffffffffffff max_cycles: 0x2135f9f0f74, max_idle_ns: 440795301392 ns
[    1.587428] platform rtc_cmos: registered platform RTC device (no PNP device found)
[    1.589761] Scanning for low memory corruption every 60 seconds
[    1.592410] Initialise system trusted keyrings
[    1.593848] Key type blacklist registered
[    1.595237] workingset: timestamp_bits=36 max_order=19 bucket_order=0
[    1.598640] zbud: loaded
[    1.600371] squashfs: version 4.0 (2009/01/31) Phillip Lougher
[    1.602524] fuse init (API version 7.26)
[    1.608554] Key type asymmetric registered
[    1.609774] Asymmetric key parser 'x509' registered
[    1.611185] Block layer SCSI generic (bsg) driver version 0.4 loaded (major 246)
[    1.613529] io scheduler noop registered
[    1.614685] io scheduler deadline registered
[    1.615939] io scheduler cfq registered (default)
[    1.617770] ACPI: AC Adapter [AC] (on-line)
[    1.619385] input: Power Button as /devices/LNXSYSTM:00/LNXPWRBN:00/input/input0
[    1.621647] ACPI: Power Button [PWRF]
[    1.622888] input: Sleep Button as /devices/LNXSYSTM:00/LNXSLPBN:00/input/input1
[    1.625008] ACPI: Sleep Button [SLPF]
[    1.626530] Serial: 8250/16550 driver, 32 ports, IRQ sharing enabled
[    1.627748] ACPI: Battery Slot [BAT0] (battery present)
[    1.651609] 00:02: ttyS0 at I/O 0x3f8 (irq = 4, base_baud = 115200) is a 16550A
[    1.657808] Linux agpgart interface v0.103
[    1.660741] loop: module loaded
[    1.662705] scsi host0: ata_piix
[    1.664202] scsi host1: ata_piix
[    1.665311] ata1: PATA max UDMA/33 cmd 0x1f0 ctl 0x3f6 bmdma 0xd000 irq 14
[    1.667310] ata2: PATA max UDMA/33 cmd 0x170 ctl 0x376 bmdma 0xd008 irq 15
[    1.669995] libphy: Fixed MDIO Bus: probed
[    1.671288] tun: Universal TUN/TAP device driver, 1.6
[    1.673041] PPP generic driver version 2.4.2
[    1.674650] ehci_hcd: USB 2.0 'Enhanced' Host Controller (EHCI) Driver
[    1.676668] ehci-pci: EHCI PCI platform driver
[    1.678010] ehci-platform: EHCI generic platform driver
[    1.679627] ohci_hcd: USB 1.1 'Open' Host Controller (OHCI) Driver
[    1.681613] ohci-pci: OHCI PCI platform driver
[    1.682976] ohci-platform: OHCI generic platform driver
[    1.684623] uhci_hcd: USB Universal Host Controller Interface driver
[    1.686764] i8042: PNP: PS/2 Controller [PNP0303:PS2K,PNP0f03:PS2M] at 0x60,0x64 irq 1,12
[    1.690169] serio: i8042 KBD port at 0x60,0x64 irq 1
[    1.691732] serio: i8042 AUX port at 0x60,0x64 irq 12
[    1.693470] mousedev: PS/2 mouse device common for all mice
[    1.695588] input: AT Translated Set 2 keyboard as /devices/platform/i8042/serio0/input/input2
[    1.698970] rtc_cmos rtc_cmos: rtc core: registered rtc_cmos as rtc0
[    1.700929] rtc_cmos rtc_cmos: alarms up to one day, 114 bytes nvram
[    1.702653] i2c /dev entries driver
[    1.703880] device-mapper: uevent: version 1.0.3
[    1.705405] device-mapper: ioctl: 4.37.0-ioctl (2017-09-20) initialised: dm-devel@redhat.com
[    1.707919] ledtrig-cpu: registered to indicate activity on CPUs
[    1.710156] NET: Registered protocol family 10
[    1.716392] Segment Routing with IPv6
[    1.717522] NET: Registered protocol family 17
[    1.718899] Key type dns_resolver registered
[    1.720881] mce: Using 0 MCE banks
[    1.722008] RAS: Correctable Errors collector initialized.
[    1.723829] sched_clock: Marking stable (1720840863, 0)->(2302114936, -581274073)
[    1.726577] registered taskstats version 1
[    1.727763] Loading compiled-in X.509 certificates
[    1.732390] Loaded X.509 cert 'Build time autogenerated kernel key: 665cd2b89e03521f57c41865f552ebce30a0c7fb'
[    1.735123] zswap: loaded using pool lzo/zbud
[    1.741405] Key type big_key registered
[    1.742566] Key type trusted registered
[    1.746184] Key type encrypted registered
[    1.747351] AppArmor: AppArmor sha1 policy hashing enabled
[    1.748925] ima: No TPM chip found, activating TPM-bypass! (rc=-19)
[    1.750665] ima: Allocated hash algorithm: sha1
[    1.751975] evm: HMAC attrs: 0x1
[    1.753789]   Magic number: 8:739:69
[    1.754990] rtc_cmos rtc_cmos: setting system clock to 2020-02-04 09:04:38 UTC (1580807078)
[    1.757506] BIOS EDD facility v0.16 2004-Jun-25, 0 devices found
[    1.759137] EDD information not available.
[    1.832355] Freeing unused kernel image memory: 2428K
[    1.856414] Write protecting the kernel read-only data: 20480k
[    1.859231] Freeing unused kernel image memory: 2008K
[    1.861321] Freeing unused kernel image memory: 1884K
[    1.875711] x86/mm: Checked W+X mappings: passed, no W+X pages found.
[    1.877634] x86/mm: Checking user space page tables
[    1.892428] x86/mm: Checked W+X mappings: passed, no W+X pages found.
Loading, please wait...
starting version 237
[    2.036623] e1000: Intel(R) PRO/1000 Network Driver - version 7.3.21-k8-NAPI
[    2.039409] e1000: Copyright (c) 1999-2006 Intel Corporation.
[    2.042491] Fusion MPT base driver 3.04.20
[    2.044098] Copyright (c) 1999-2008 LSI Corporation
[    2.066210] Fusion MPT SPI Host driver 3.04.20
[    2.072844] AVX2 version of gcm_enc/dec engaged.
[    2.074618] AES CTR mode by8 optimization enabled
[    2.261752] input: ImExPS/2 Generic Explorer Mouse as /devices/platform/i8042/serio1/input/input4
[    2.546600] e1000 0000:00:03.0 eth0: (PCI:33MHz:32-bit) 02:82:7a:7b:51:94
[    2.549152] e1000 0000:00:03.0 eth0: Intel(R) PRO/1000 Network Connection
[    2.553217] mptbase: ioc0: Initiating bringup
[    2.553705] e1000 0000:00:03.0 enp0s3: renamed from eth0
[    2.665034] ioc0: LSI53C1030 A0: Capabilities={Initiator}
[    2.914401] scsi host2: ioc0: LSI53C1030 A0, FwRev=00000000h, Ports=1, MaxQ=256, IRQ=20
[    3.086301] scsi 2:0:0:0: Direct-Access     VBOX     HARDDISK         1.0  PQ: 0 ANSI: 5
[    3.166004] scsi target2:0:0: Beginning Domain Validation
[    3.173942] scsi target2:0:0: Domain Validation skipping write tests
[    3.177169] scsi target2:0:0: Ending Domain Validation
[    3.180552] scsi target2:0:0: asynchronous
[    3.183978] scsi 2:0:1:0: Direct-Access     VBOX     HARDDISK         1.0  PQ: 0 ANSI: 5
[    3.667637] scsi target2:0:1: Beginning Domain Validation
[    3.673390] random: fast init done
[    3.676267] scsi target2:0:1: Domain Validation skipping write tests
[    3.678121] scsi target2:0:1: Ending Domain Validation
[    3.679895] scsi target2:0:1: asynchronous
[    3.688892] random: systemd-udevd: uninitialized urandom read (16 bytes read)
[    3.689178] sd 2:0:0:0: [sda] 20971520 512-byte logical blocks: (10.7 GB/10.0 GiB)
[    3.692360] random: systemd-udevd: uninitialized urandom read (16 bytes read)
[    3.694427] sd 2:0:0:0: Attached scsi generic sg0 type 0
[    3.697624] random: systemd-udevd: uninitialized urandom read (16 bytes read)
[    3.698116] sd 2:0:0:0: [sda] Write Protect is off
[    3.703793] sd 2:0:0:0: [sda] Incomplete mode parameter data
[    3.703797] sd 2:0:1:0: Attached scsi generic sg1 type 0
[    3.706518] sd 2:0:0:0: [sda] Assuming drive cache: write through
[    3.710115] sd 2:0:1:0: [sdb] 20480 512-byte logical blocks: (10.5 MB/10.0 MiB)
[    3.712654] sd 2:0:1:0: [sdb] Write Protect is off
[    3.714447] sd 2:0:1:0: [sdb] Incomplete mode parameter data
[    3.716212] sd 2:0:1:0: [sdb] Assuming drive cache: write through
[    3.718646]  sda: sda1
[    3.721921] sd 2:0:0:0: [sda] Attached SCSI disk
[    3.748949] sd 2:0:1:0: [sdb] Attached SCSI disk
Begin: Loading essential drivers ... [    5.628186] raid6: sse2x1   gen()  7631 MB/s
[    5.676030] raid6: sse2x1   xor()  5533 MB/s
[    5.724778] raid6: sse2x2   gen()  9574 MB/s
[    5.772197] raid6: sse2x2   xor()  6111 MB/s
[    5.820450] raid6: sse2x4   gen() 10742 MB/s
[    5.868283] raid6: sse2x4   xor()  6646 MB/s
[    5.916087] raid6: avx2x1   gen() 15151 MB/s
[    5.964033] raid6: avx2x1   xor() 10775 MB/s
[    6.012711] raid6: avx2x2   gen() 18190 MB/s
[    6.060516] raid6: avx2x2   xor() 11582 MB/s
[    6.108356] raid6: avx2x4   gen() 20659 MB/s
[    6.156177] raid6: avx2x4   xor() 12445 MB/s
[    6.157605] raid6: using algorithm avx2x4 gen() 20659 MB/s
[    6.159412] raid6: .... xor() 12445 MB/s, rmw enabled
[    6.161029] raid6: using avx2x2 recovery algorithm
[    6.164582] xor: automatically using best checksumming function   avx       
[    6.168320] async_tx: api initialized (async)
done.
Begin: Running /scripts/init-premount ... done.
Begin: Mounting root file system ... Begin: Running /scripts/local-top ... done.
Begin: Running /scripts/local-premount ... [    6.234126] Btrfs loaded, crc32c=crc32c-intel
Scanning for Btrfs filesystems
done.
Warning: fsck not present, so skipping root file system
[    6.297928] EXT4-fs (sda1): mounted filesystem with ordered data mode. Opts: (null)
done.
Begin: Running /scripts/local-bottom ... done.
Begin: Running /scripts/init-bottom ... done.
[    7.549045] ip_tables: (C) 2000-2006 Netfilter Core Team
[    7.625492] systemd[1]: systemd 237 running in system mode. (+PAM +AUDIT +SELINUX +IMA +APPARMOR +SMACK +SYSVINIT +UTMP +LIBCRYPTSETUP +GCRYPT +GNUTLS +ACL +XZ +LZ4 +SECCOMP +BLKID +ELFUTILS +KMOD -IDN2 +IDN -PCRE2 default-hierarchy=hybrid)
[    7.633314] systemd[1]: Detected virtualization oracle.
[    7.635418] systemd[1]: Detected architecture x86-64.

Welcome to [1mUbuntu 18.04.3 LTS[0m!

[    7.671736] systemd[1]: Set hostname to <ubuntu-bionic>.
[    7.930334] random: crng init done
[    7.931394] random: 7 urandom warning(s) missed due to ratelimiting
[    9.050252] systemd[1]: Reached target Swap.
[[0;32m  OK  [0m] Reached target Swap.
[    9.054840] systemd[1]: Created slice System Slice.
[[0;32m  OK  [0m] Created slice System Slice.
[    9.057840] systemd[1]: Created slice system-serial\x2dgetty.slice.
[[0;32m  OK  [0m] Created slice system-serial\x2dgetty.slice.
[    9.060896] systemd[1]: Listening on LVM2 metadata daemon socket.
[[0;32m  OK  [0m] Listening on LVM2 metadata daemon socket.
[    9.063940] systemd[1]: Listening on /dev/initctl Compatibility Named Pipe.
[[0;32m  OK  [0m] Listening on /dev/initctl Compatibility Named Pipe.
[    9.066965] systemd[1]: Listening on Journal Socket (/dev/log).
[[0;32m  OK  [0m] Listening on Journal Socket (/dev/log).
[[0;32m  OK  [0m] Listening on Journal Audit Socket.
[[0;32m  OK  [0m] Listening on Network Service Netlink Socket.
[[0;32m  OK  [0m] Listening on LVM2 poll daemon socket.
[[0;32m  OK  [0m] Set up automount Arbitrary Executabâ€¦rmats File System Automount Point.
[[0;32m  OK  [0m] Reached target System Time Synchronized.
[[0;32m  OK  [0m] Listening on Journal Socket.
         Starting Uncomplicated firewall...
         Mounting Kernel Debug File System...
         Starting Create list of required stâ€¦ce nodes for the current kernel...
[[0;32m  OK  [0m] Started Forward Password Requests to Wall Directory Watch.
[[0;32m  OK  [0m] Listening on Device-mapper event daemon FIFOs.
[[0;32m  OK  [0m] Listening on udev Control Socket.
[[0;32m  OK  [0m] Created slice User and Session Slice.
[[0;32m  OK  [0m] Listening on udev Kernel Socket.
         Starting udev Coldplug all Devices...
         Starting Remount Root and Kernel File Systems...
[[0;32m  OK  [0m] Reached target Slices.
[[0;32m  OK  [0m] Reached target User and Group Name Lookups.
         Starting Load Kernel Modules...
         Starting Set the console keyboard layout...
         Mounting Huge Pages File System...
         Starting Monitoring of LVM2 mirrorsâ€¦ng dmeventd or progress polling...
         Mounting POSIX Message Queue File System...
[[0;32m  OK  [0m] Listening on Syslog Socket.
         Starting Journal Service...
[[0;32m  OK  [0m] Started Uncomplicated firewall.
[[0;32m  OK  [0m] Mounted Kernel Debug File System.
[[0;32m  OK  [0m] Started Create list of required staâ€¦vice nodes for the current kernel.
[[0;32m  OK  [0m] Mounted Huge Pages File System.
[[0;32m  OK  [0m] Mounted POSIX Message Queue File System.
         Starting Create Static Device Nodes in /dev...
[    9.270014] Loading iSCSI transport class v2.0-870.
[[0;32m  OK  [0m] Started udev Coldplug all Devices.
[    9.425741] EXT4-fs (sda1): re-mounted. Opts: (null)
[[0;32m  OK  [0m] Started Remount Root and Kernel File Systems.
[    9.529248] iscsi: registered transport (tcp)
         Starting Load/Save Random Seed...
[[0;32m  OK  [0m] Started Journal Service.
[[0;32m  OK  [0m] Started LVM2 metadata daemon.
         Starting Flush Journal to Persistent Storage...
[    9.690264] iscsi: registered transport (iser)
[[0;32m  OK  [0m] Started Load Kernel Modules.
         Starting Apply Kernel Variables...
         Mounting FUSE Control File System...
         Mounting Kernel Configuration File System...
[[0;32m  OK  [0m] Mounted FUSE Control File System.
[[0;32m  OK  [0m] Mounted Kernel Configuration File System.
[[0;32m  OK  [0m] Started Load/Save Random Seed.
[    9.750733] systemd-journald[404]: Received request to flush runtime journal from PID 1
[[0;32m  OK  [0m] Started Create Static Device Nodes in /dev.
         Starting udev Kernel Device Manager...
[[0;32m  OK  [0m] Started Monitoring of LVM2 mirrors,â€¦sing dmeventd or progress polling.
[[0;32m  OK  [0m] Started Set the console keyboard layout.
[[0;32m  OK  [0m] Reached target Local File Systems (Pre).
[[0;32m  OK  [0m] Reached target Local File Systems.
         Starting AppArmor initialization...
         Starting Tell Plymouth To Write Out Runtime Data...
         Starting Set console font and keymap...
         Starting ebtables ruleset management...
[[0;32m  OK  [0m] Started Apply Kernel Variables.
[[0;32m  OK  [0m] Started Tell Plymouth To Write Out Runtime Data.
[[0;32m  OK  [0m] Started Set console font and keymap.
[[0;32m  OK  [0m] Started udev Kernel Device Manager.
[[0;32m  OK  [0m] Started Dispatch Password Requests to Console Directory Watch.
[[0;32m  OK  [0m] Reached target Local Encrypted Volumes.
[[0;32m  OK  [0m] Started ebtables ruleset management.
[[0;32m  OK  [0m] Found device /dev/ttyS0.
[[0;32m  OK  [0m] Listening on Load/Save RF Kill Switch Status /dev/rfkill Watch.
[[0;32m  OK  [0m] Started Flush Journal to Persistent Storage.
         Starting Create Volatile Files and Directories...
[[0;32m  OK  [0m] Started Create Volatile Files and Directories.
         Starting Update UTMP about System Boot/Shutdown...
[[0;32m  OK  [0m] Started Update UTMP about System Boot/Shutdown.
[[0;32m  OK  [0m] Started AppArmor initialization.
         Starting Initial cloud-init job (pre-networking)...
[   16.877488] cloud-init[546]: Cloud-init v. 19.3-41-gc4735dd3-0ubuntu1~18.04.1 running 'init-local' at Tue, 04 Feb 2020 09:04:53 +0000. Up 16.31 seconds.
[[0;32m  OK  [0m] Started Initial cloud-init job (pre-networking).
[[0;32m  OK  [0m] Reached target Network (Pre).
         Starting Network Service...
[[0;32m  OK  [0m] Started Network Service.
         Starting Network Name Resolution...
         Starting Wait for Network to be Configured...
[[0;32m  OK  [0m] Started Network Name Resolution.
[[0;32m  OK  [0m] Reached target Host and Network Name Lookups.
[[0;32m  OK  [0m] Reached target Network.
[[0;32m  OK  [0m] Started Wait for Network to be Configured.
         Starting Initial cloud-init job (metadata service crawler)...
[   19.778817] cloud-init[685]: Cloud-init v. 19.3-41-gc4735dd3-0ubuntu1~18.04.1 running 'init' at Tue, 04 Feb 2020 09:04:56 +0000. Up 19.36 seconds.
[   19.783058] cloud-init[685]: ci-info: ++++++++++++++++++++++++++++++++++++++Net device info++++++++++++++++++++++++++++++++++++++
[   19.786415] cloud-init[685]: ci-info: +--------+------+----------------------------+---------------+--------+-------------------+
[   19.789423] cloud-init[685]: ci-info: | Device |  Up  |          Address           |      Mask     | Scope  |     Hw-Address    |
[   19.791807] cloud-init[685]: ci-info: +--------+------+----------------------------+---------------+--------+-------------------+
[   19.795681] cloud-init[685]: ci-info: | enp0s3 | True |         10.0.2.15          | 255.255.255.0 | global | 02:82:7a:7b:51:94 |
[   19.798699] cloud-init[685]: ci-info: | enp0s3 | True | fe80::82:7aff:fe7b:5194/64 |       .       |  link  | 02:82:7a:7b:51:94 |
[   19.801181] cloud-init[685]: ci-info: |   lo   | True |         127.0.0.1          |   255.0.0.0   |  host  |         .         |
[   19.803371] cloud-init[685]: ci-info: |   lo   | True |          ::1/128           |       .       |  host  |         .         |
[   19.805693] cloud-init[685]: ci-info: +--------+------+----------------------------+---------------+--------+-------------------+
[   19.808225] cloud-init[685]: ci-info: ++++++++++++++++++++++++++++Route IPv4 info+++++++++++++++++++++++++++++
[   19.811381] cloud-init[685]: ci-info: +-------+-------------+----------+-----------------+-----------+-------+
[   19.815043] cloud-init[685]: ci-info: | Route | Destination | Gateway  |     Genmask     | Interface | Flags |
[   19.818410] cloud-init[685]: ci-info: +-------+-------------+----------+-----------------+-----------+-------+
[   19.821226] cloud-init[685]: ci-info: |   0   |   0.0.0.0   | 10.0.2.2 |     0.0.0.0     |   enp0s3  |   UG  |
[   19.823968] cloud-init[685]: ci-info: |   1   |   10.0.2.0  | 0.0.0.0  |  255.255.255.0  |   enp0s3  |   U   |
[   19.836308] cloud-init[685]: ci-info: |   2   |   10.0.2.2  | 0.0.0.0  | 255.255.255.255 |   enp0s3  |   UH  |
[   19.839755] cloud-init[685]: ci-info: +-------+-------------+----------+-----------------+-----------+-------+
[   19.842937] cloud-init[685]: ci-info: +++++++++++++++++++Route IPv6 info+++++++++++++++++++
[   19.845857] cloud-init[685]: ci-info: +-------+-------------+---------+-----------+-------+
[   19.848184] cloud-init[685]: ci-info: | Route | Destination | Gateway | Interface | Flags |
[   19.850414] cloud-init[685]: ci-info: +-------+-------------+---------+-----------+-------+
[   19.853034] cloud-init[685]: ci-info: |   1   |  fe80::/64  |    ::   |   enp0s3  |   U   |
[   19.855500] cloud-init[685]: ci-info: |   3   |    local    |    ::   |   enp0s3  |   U   |
[   19.858021] cloud-init[685]: ci-info: |   4   |   ff00::/8  |    ::   |   enp0s3  |   U   |
[   19.860542] cloud-init[685]: ci-info: +-------+-------------+---------+-----------+-------+
[[0;32m  OK  [0m] Started Initial cloud-init job (metadata service crawler).
[[0;32m  OK  [0m] Reached target Network is Online.
         Starting Availability of block devices...
[[0;32m  OK  [0m] Reached target Remote File Systems (Pre).
[[0;32m  OK  [0m] Reached target Remote File Systems.
[[0;32m  OK  [0m] Reached target Cloud-config availability.
[[0;32m  OK  [0m] Reached target System Initialization.
[[0;32m  OK  [0m] Started Discard unused blocks once a week.
[[0;32m  OK  [0m] Started Daily Cleanup of Temporary Directories.
[[0;32m  OK  [0m] Listening on ACPID Listen Socket.
[[0;32m  OK  [0m] Listening on D-Bus System Message Bus Socket.
         Starting LXD - unix socket.
[[0;32m  OK  [0m] Listening on UUID daemon activation socket.
[[0;32m  OK  [0m] Started Daily apt download activities.
[[0;32m  OK  [0m] Started Daily apt upgrade and clean activities.
[[0;32m  OK  [0m] Listening on Open-iSCSI iscsid Socket.
[[0;32m  OK  [0m] Started Message of the Day.
[[0;32m  OK  [0m] Started Clean PHP session files every 30 mins.
[[0;32m  OK  [0m] Reached target Timers.
         Starting Socket activation for snappy daemon.
[[0;32m  OK  [0m] Started ACPI Events Check.
[[0;32m  OK  [0m] Reached target Paths.
[[0;32m  OK  [0m] Started Availability of block devices.
[[0;32m  OK  [0m] Listening on LXD - unix socket.
[[0;32m  OK  [0m] Listening on Socket activation for snappy daemon.
[[0;32m  OK  [0m] Reached target Sockets.
[[0;32m  OK  [0m] Reached target Basic System.
         Starting LSB: Record successful boot for GRUB...
         Starting System Logging Service...
         Starting Accounts Service...
         Starting Virtualbox guest utils...
         Starting The Apache HTTP Server...
[[0;32m  OK  [0m] Started D-Bus System Message Bus.
         Starting Login Service...
         Starting Permit User Sessions...
[[0;32m  OK  [0m] Started Deferred execution scheduler.
[[0;32m  OK  [0m] Started irqbalance daemon.
[[0;32m  OK  [0m] Started Regular background program processing daemon.
         Starting LXD - container startup/shutdown...
         Starting MariaDB 10.3.21 database server...
         Starting Dispatcher daemon for systemd-networkd...
         Starting Snappy daemon...
         Starting Clean php session files...
         Starting OpenBSD Secure Shell server...
[[0;32m  OK  [0m] Started FUSE filesystem for LXC.
         Starting LSB: automatic crash report generation...
         Starting Message of the Day...
[[0;32m  OK  [0m] Started System Logging Service.
[[0;32m  OK  [0m] Started Permit User Sessions.
[[0;32m  OK  [0m] Started Login Service.
         Starting Authorization Manager...
[[0;32m  OK  [0m] Started Unattended Upgrades Shutdown.
         Starting Hold until boot process finishes up...
         Starting Terminate Plymouth Boot Screen...
[[0;32m  OK  [0m] Started Hold until boot process finishes up.
[[0;32m  OK  [0m] Started Serial Getty on ttyS0.
         Starting Set console scheme...
[[0;32m  OK  [0m] Started Terminate Plymouth Boot Screen.
[[0;32m  OK  [0m] Started Set console scheme.
[[0;32m  OK  [0m] Created slice system-getty.slice.
[[0;32m  OK  [0m] Started Getty on tty1.
[[0;32m  OK  [0m] Reached target Login Prompts.
[[0;32m  OK  [0m] Started LSB: automatic crash report generation.
[[0;32m  OK  [0m] Started LSB: Record successful boot for GRUB.
[[0;32m  OK  [0m] Started Authorization Manager.
[[0;32m  OK  [0m] Started Accounts Service.
[[0;32m  OK  [0m] Started OpenBSD Secure Shell server.
[[0;32m  OK  [0m] Started Virtualbox guest utils.
[[0;32m  OK  [0m] Started Dispatcher daemon for systemd-networkd.

Ubuntu 18.04.3 LTS ubuntu-bionic ttyS0

ubuntu-bionic login: [   32.100447] cloud-init[1466]: Cloud-init v. 19.3-41-gc4735dd3-0ubuntu1~18.04.1 running 'modules:config' at Tue, 04 Feb 2020 09:05:08 +0000. Up 31.74 seconds.
[   37.982580] cloud-init[1764]: Cloud-init v. 19.3-41-gc4735dd3-0ubuntu1~18.04.1 running 'modules:final' at Tue, 04 Feb 2020 09:05:14 +0000. Up 37.59 seconds.
[   37.982783] cloud-init[1764]: Cloud-init v. 19.3-41-gc4735dd3-0ubuntu1~18.04.1 finished at Tue, 04 Feb 2020 09:05:14 +0000. Datasource DataSourceNoCloud [seed=/dev/sdb][dsmode=net].  Up 37.96 seconds
